A51 MACRO ASSEMBLER  MAIN                                                                 11/23/2020 00:35:24 PAGE     1


MACRO ASSEMBLER A51 V8.2.7.0
OBJECT MODULE PLACED IN .\Objects\main.obj
ASSEMBLER INVOKED BY: D:\Keil_v5\C51\BIN\A51.EXE main.a51 SET(SMALL) DEBUG PRINT(.\Listings\main.lst) OBJECT(.\Objects\m
                      ain.obj) EP

LOC  OBJ            LINE     SOURCE

                       1     ;Interrupt table
0000                   2     ORG 0000h               ; entry address for 8051 RESET
0000 020100            3             LJMP MAIN       ; move MAIN away from interrupt vector table
0003                   4     ORG 0003h               ; vector address for interrupt 0
0003 02015F            5             LJMP ISR0       ; jump to ISR0
0013                   6     ORG 0013h               ; vector address for interrupt 1
0013 020168            7             LJMP ISR1       ; jump to ISR1
                       8     ;=================================================================
                       9     ;Code segment
                      10     ;=================================================================
0100                  11     ORG 0100h                               ; MAIN starts here
0100                  12     MAIN:
0100 75A885           13             MOV IE, #10000101B      ; enable external interrupts IE0, IE1
0103 D288             14             SETB IT0                        ; negative edge trigger for interrupt 0
0105 D28A             15             SETB IT1                        ; negative edge trigger for interrupt 1
0107 90016F           16             MOV dptr,#maled7seg
010A 7800             17             MOV R0, #0
010C 7900             18             MOV R1, #0
  0090                19             addbut bit p1.0
  0091                20             subbut bit p1.1 
                      21     
010E                  22     CHANGE_NUM:
010E 209001           23             JB addbut, ZONE_2   ; if sub button turned 
0111 08               24             INC R0
0112                  25             ZONE_2:
0112 209101           26             JB subbut, SHOW_NUM     ; if sub button turned 
0115 18               27             DEC R0
0116                  28     SHOW_NUM:
0116 E8               29             MOV A, R0                       ; move data to A
0117 33               30             RLC A                           
0118 5004             31             JNC BIGGER10            ; continue check bigger than 10
011A 7800             32             MOV R0, #0                      ; reset if smaller than 0
011C 8008             33             JMP DISPLAY
011E                  34     BIGGER10:
011E E8               35             MOV A, R0                       ; move data to A
011F C3               36             CLR C
0120 940A             37             SUBB A, #10
0122 4002             38             JC DISPLAY                      ; display if in range 0-9
0124 7809             39             MOV R0, #9                      ; reset to 9
0126                  40     DISPLAY:
0126 E8               41             MOV A, R0
0127 93               42             MOVC A,@A+dptr
0128 F580             43             MOV P0, A
012A B90005           44             CJNE R1, #0, DEC_TIME   ; if R1=1 decrease time
012D 3148             45             CALL DELAY_250ms
012F 02010E           46             LJMP CHANGE_NUM 
                      47             
0132                  48     DEC_TIME:
0132 1E               49             DEC R6
0133 BE0009           50             CJNE R6, #0, DONE_NUM   ; if R6>0 not decrease num 
0136 7EF0             51             MOV R6, #240                    ; R6= 240, delay time = 240*250 = 6000ms = 1 minute
0138 18               52             DEC R0
0139 E8               53             MOV A, R0                               ; move data to A
013A 33               54             RLC A
013B 5002             55             JNC     DONE_NUM
013D 7800             56             MOV R0, #0                              ; reset if smaller than 0
013F                  57     DONE_NUM:
A51 MACRO ASSEMBLER  MAIN                                                                 11/23/2020 00:35:24 PAGE     2

013F B80002           58             CJNE R0, #0, DONE_BUZZER        ; if R0>0 not turn buzzer
0142 D287             59             SETB P0.7 
0144                  60     DONE_BUZZER:
0144 3148             61             CALL DELAY_250ms
0146 80DE             62             JMP DISPLAY
                      63             
                      64     ;=================================================================
                      65     ;Delay
                      66     ;=================================================================
                      67     ;deylay 250ms
0148                  68     DELAY_250ms:
0148 7F05             69             MOV R7, #5
                      70     ;delay 50m*r7
014A                  71     DELAY_50ms:
014A C2A9             72             CLR ET0                                 ;disable timer 0 isr
014C 758901           73             MOV     TMOD, #01h                      ; mode 1(16 bits)
014F 758C3C           74             MOV     TH0, #3Ch                       ; delay 50k cycles
0152 758AB0           75             MOV TL0, #0B0h
0155 C28D             76             CLR TF0                                 ; clear flag
0157 D28C             77             SETB TR0                                ; start timer 0
0159                  78     WAIT_50ms:
0159 308DFD           79             JNB TF0, WAIT_50ms              ; wait for flag
015C DFEC             80             DJNZ R7, DELAY_50ms
015E 22               81             ret
                      82     ;==================================================================
                      83     ; ISR0 
                      84     ;==================================================================
015F                  85     ISR0:
015F 7401             86             MOV A,#1 
0161 67               87             XRL A, @R1
0162 F9               88             MOV R1, A                               ; set state
0163 7EF0             89             MOV R6, #240                    ; R6= 240, delay time = 240*250 = 6000ms = 1 minute
0165 C287             90             CLR P0.7                                ; turn of 
0167 32               91             RETI                                    ; return from interrupt
                      92     ;==================================================================
                      93     ; ISR1 
                      94     ;==================================================================
0168                  95     ISR1:
0168 7900             96             MOV R1, #0                              ; set state
016A 7800             97             MOV R0, #0                              ; reset number
016C C287             98             CLR P0.7        
016E 32               99             RETI                                    ; return from interrupt
                     100     ;==================================================================     
                     101     ;Common Anode 7SEG-LED numbers
                     102     ;==================================================================     
016F                 103     maled7seg:
016F 40792430        104             db      040h,079h,024h,030h,19h,12h,02h,078h,00h,10h    
0173 19120278                
0177 0010                    
                     105     ;==================================================================             
                     106     END                                             ; end of program
A51 MACRO ASSEMBLER  MAIN                                                                 11/23/2020 00:35:24 PAGE     3

SYMBOL TABLE LISTING
------ ----- -------


N A M E             T Y P E  V A L U E   ATTRIBUTES

ADDBUT . . . . . .  B ADDR   0090H.0 A   
BIGGER10 . . . . .  C ADDR   011EH   A   
CHANGE_NUM . . . .  C ADDR   010EH   A   
DEC_TIME . . . . .  C ADDR   0132H   A   
DELAY_250MS. . . .  C ADDR   0148H   A   
DELAY_50MS . . . .  C ADDR   014AH   A   
DISPLAY. . . . . .  C ADDR   0126H   A   
DONE_BUZZER. . . .  C ADDR   0144H   A   
DONE_NUM . . . . .  C ADDR   013FH   A   
ET0. . . . . . . .  B ADDR   00A8H.1 A   
IE . . . . . . . .  D ADDR   00A8H   A   
ISR0 . . . . . . .  C ADDR   015FH   A   
ISR1 . . . . . . .  C ADDR   0168H   A   
IT0. . . . . . . .  B ADDR   0088H.0 A   
IT1. . . . . . . .  B ADDR   0088H.2 A   
MAIN . . . . . . .  C ADDR   0100H   A   
MALED7SEG. . . . .  C ADDR   016FH   A   
P0 . . . . . . . .  D ADDR   0080H   A   
P1 . . . . . . . .  D ADDR   0090H   A   
SHOW_NUM . . . . .  C ADDR   0116H   A   
SUBBUT . . . . . .  B ADDR   0090H.1 A   
TF0. . . . . . . .  B ADDR   0088H.5 A   
TH0. . . . . . . .  D ADDR   008CH   A   
TL0. . . . . . . .  D ADDR   008AH   A   
TMOD . . . . . . .  D ADDR   0089H   A   
TR0. . . . . . . .  B ADDR   0088H.4 A   
WAIT_50MS. . . . .  C ADDR   0159H   A   
ZONE_2 . . . . . .  C ADDR   0112H   A   


REGISTER BANK(S) USED: 0 


ASSEMBLY COMPLETE.  0 WARNING(S), 0 ERROR(S)
